../Core/Src/main.c:88:5:main	8	static
../Core/Src/main.c:174:6:SystemClock_Config	88	static
../Core/Src/main.c:216:13:MX_ADC1_Init	24	static
../Core/Src/main.c:268:13:MX_TIM2_Init	56	static
../Core/Src/main.c:317:13:MX_TIM3_Init	64	static
../Core/Src/main.c:380:13:MX_TIM4_Init	32	static
../Core/Src/main.c:425:13:MX_USART1_UART_Init	8	static
../Core/Src/main.c:456:13:MX_DMA_Init	16	static
../Core/Src/main.c:474:13:MX_GPIO_Init	40	static
../Core/Src/main.c:511:6:StartDefaultTask	16	static
../Core/Src/main.c:530:6:HAL_TIM_PeriodElapsedCallback	16	static
../Core/Src/main.c:548:6:Error_Handler	4	static,ignoring_inline_asm
